---
source: memfaultd/src/mar/manifest.rs
expression: manifest
---
{
  "schema_version": 1,
  "collection_time": {
    "timestamp": "2012-04-12T17:00:00Z",
    "uptime_ms": 10000,
    "linux_boot_id": "413554b8-a727-11ed-b307-0317a0ffbea7",
    "elapsed_realtime_ms": 10000,
    "boot_count": 0
  },
  "device": {
    "project_key": "abcd",
    "hardware_version": "DVT",
    "software_version": "1.0.0",
    "software_type": "test",
    "device_serial": "001"
  },
  "producer": {
    "id": "memfaultd",
    "version": "tests"
  },
  "type": "linux-heartbeat",
  "metadata": {
    "metrics": {
      "n1": 1.0,
      "n2": 42.0
    },
    "duration_ms": 42000
  }
}
