---
source: memfaultd/src/metrics/system_metrics/memory.rs
expression: memory_metrics_collector.get_memory_metrics().unwrap()
---
[
  {
    "name": "memory/memory/free",
    "value": {
      "Histogram": {
        "value": 248090624.0,
        "timestamp": "[timestamp]"
      }
    }
  },
  {
    "name": "memory/memory/used",
    "value": {
      "Histogram": {
        "value": 126607360.0,
        "timestamp": "[timestamp]"
      }
    }
  },
  {
    "name": "memory/memory/slab_recl",
    "value": {
      "Histogram": {
        "value": 15269888.0,
        "timestamp": "[timestamp]"
      }
    }
  },
  {
    "name": "memory/memory/slab_unrecl",
    "value": {
      "Histogram": {
        "value": 18952192.0,
        "timestamp": "[timestamp]"
      }
    }
  },
  {
    "name": "memory/memory/buffered",
    "value": {
      "Histogram": {
        "value": 4653056.0,
        "timestamp": "[timestamp]"
      }
    }
  },
  {
    "name": "memory/memory/cached",
    "value": {
      "Histogram": {
        "value": 53379072.0,
        "timestamp": "[timestamp]"
      }
    }
  }
]
