---
source: memfaultd/src/metrics/system_metrics/network_interfaces.rs
expression: result_b.unwrap()
---
[
  {
    "name": "interface/eth0/bytes_per_second/rx",
    "value": {
      "Histogram": {
        "value": 150.0,
        "timestamp": "[timestamp]"
      }
    }
  },
  {
    "name": "interface/eth0/packets_per_second/rx",
    "value": {
      "Histogram": {
        "value": 5.5,
        "timestamp": "[timestamp]"
      }
    }
  },
  {
    "name": "interface/eth0/errors_per_second/rx",
    "value": {
      "Histogram": {
        "value": 1.0,
        "timestamp": "[timestamp]"
      }
    }
  },
  {
    "name": "interface/eth0/dropped_per_second/rx",
    "value": {
      "Histogram": {
        "value": 1.0,
        "timestamp": "[timestamp]"
      }
    }
  },
  {
    "name": "interface/eth0/bytes_per_second/tx",
    "value": {
      "Histogram": {
        "value": 100.0,
        "timestamp": "[timestamp]"
      }
    }
  },
  {
    "name": "interface/eth0/packets_per_second/tx",
    "value": {
      "Histogram": {
        "value": 2.5,
        "timestamp": "[timestamp]"
      }
    }
  },
  {
    "name": "interface/eth0/errors_per_second/tx",
    "value": {
      "Histogram": {
        "value": 0.0,
        "timestamp": "[timestamp]"
      }
    }
  },
  {
    "name": "interface/eth0/dropped_per_second/tx",
    "value": {
      "Histogram": {
        "value": 0.0,
        "timestamp": "[timestamp]"
      }
    }
  },
  {
    "name": "interface/eth0/total_bytes/tx",
    "value": {
      "Counter": {
        "value": 1000.0,
        "timestamp": "[timestamp]"
      }
    }
  },
  {
    "name": "interface/eth0/total_bytes/rx",
    "value": {
      "Counter": {
        "value": 1500.0,
        "timestamp": "[timestamp]"
      }
    }
  }
]
