---
source: memfaultd/src/metrics/system_metrics/disk.rs
expression: metrics
snapshot_kind: text
---
[
  {
    "name": "diskstats/mmcblk0/lifetime_b_remaining_pct",
    "value": {
      "Gauge": {
        "value": 20.0,
        "timestamp": "[timestamp]"
      }
    }
  },
  {
    "name": "diskstats/mmcblk0/name",
    "value": {
      "ReportTag": {
        "value": "SG123",
        "timestamp": "[timestamp]"
      }
    }
  },
  {
    "name": "diskstats/mmcblk0/manufacturer_id",
    "value": {
      "ReportTag": {
        "value": "0x00015",
        "timestamp": "[timestamp]"
      }
    }
  },
  {
    "name": "diskstats/mmcblk0/total_size_bytes",
    "value": {
      "Gauge": {
        "value": 51200.0,
        "timestamp": "[timestamp]"
      }
    }
  },
  {
    "name": "diskstats/mmcblk0/manufacture_date",
    "value": {
      "ReportTag": {
        "value": "11/2023",
        "timestamp": "[timestamp]"
      }
    }
  },
  {
    "name": "diskstats/mmcblk0/revision",
    "value": {
      "ReportTag": {
        "value": "1.0",
        "timestamp": "[timestamp]"
      }
    }
  },
  {
    "name": "diskstats/mmcblk0/serial",
    "value": {
      "ReportTag": {
        "value": "0x1234567890",
        "timestamp": "[timestamp]"
      }
    }
  }
]
