---
source: memfaultd/src/metrics/system_metrics/vm.rs
expression: metrics4
---
[
  {
    "name": "memory/vm/swaps_in_per_second",
    "value": {
      "Histogram": {
        "value": 0.0,
        "timestamp": "[timestamp]"
      }
    }
  },
  {
    "name": "memory/vm/swaps_out_per_second",
    "value": {
      "Histogram": {
        "value": 0.0,
        "timestamp": "[timestamp]"
      }
    }
  },
  {
    "name": "memory/vm/pages_in_per_second",
    "value": {
      "Histogram": {
        "value": 0.0,
        "timestamp": "[timestamp]"
      }
    }
  },
  {
    "name": "memory/vm/pages_out_per_second",
    "value": {
      "Histogram": {
        "value": 0.0,
        "timestamp": "[timestamp]"
      }
    }
  }
]
