---
source: memfaultd/src/collectd/payload.rs
expression: metadatas
---
[
  {
    "name": "disk/1-0/disk_octets/read",
    "value": {
      "Rate": {
        "value": 1887359.3321528,
        "timestamp": "2023-05-24T17:25:47.351Z",
        "interval": 20.0
      }
    }
  },
  {
    "name": "disk/1-0/disk_octets/write",
    "value": {
      "Rate": {
        "value": 1241166.17826548,
        "timestamp": "2023-05-24T17:25:47.351Z",
        "interval": 20.0
      }
    }
  },
  {
    "name": "disk/1-20/disk_time/read",
    "value": {
      "Rate": {
        "value": 992441.95537229,
        "timestamp": "2023-05-24T17:25:47.351Z",
        "interval": 20.0
      }
    }
  },
  {
    "name": "disk/1-20/disk_time/write",
    "value": {
      "Rate": {
        "value": 0.0,
        "timestamp": "2023-05-24T17:25:47.351Z",
        "interval": 20.0
      }
    }
  },
  {
    "name": "disk/1-0/disk_time/read",
    "value": {
      "Rate": {
        "value": 17146.2298941808,
        "timestamp": "2023-05-24T17:25:47.351Z",
        "interval": 20.0
      }
    }
  },
  {
    "name": "disk/1-0/disk_time/write",
    "value": {
      "Rate": {
        "value": 6375.40234502902,
        "timestamp": "2023-05-24T17:25:47.351Z",
        "interval": 20.0
      }
    }
  },
  {
    "name": "disk/1-0/disk_ops/read",
    "value": {
      "Rate": {
        "value": 75.3295819258201,
        "timestamp": "2023-05-24T17:25:47.351Z",
        "interval": 20.0
      }
    }
  },
  {
    "name": "disk/1-0/disk_ops/write",
    "value": {
      "Rate": {
        "value": 101.940031849151,
        "timestamp": "2023-05-24T17:25:47.351Z",
        "interval": 20.0
      }
    }
  },
  {
    "name": "memory/memory/active",
    "value": {
      "Gauge": {
        "value": 8541454336.0,
        "timestamp": "2023-05-24T17:25:47.352Z"
      }
    }
  },
  {
    "name": "memory/memory/inactive",
    "value": {
      "Gauge": {
        "value": 8286470144.0,
        "timestamp": "2023-05-24T17:25:47.352Z"
      }
    }
  },
  {
    "name": "memory/memory/free",
    "value": {
      "Gauge": {
        "value": 502759424.0,
        "timestamp": "2023-05-24T17:25:47.352Z"
      }
    }
  },
  {
    "name": "statsd/latency/app.kombu_publish_duration,exchange=celeryev,routing_key=worker.heartbeat-average",
    "value": {
      "Gauge": {
        "value": 0.00399999972432852,
        "timestamp": "2023-05-24T17:25:47.352Z"
      }
    }
  },
  {
    "name": "memory/memory/wired",
    "value": {
      "Gauge": {
        "value": 3314139136.0,
        "timestamp": "2023-05-24T17:25:47.352Z"
      }
    }
  },
  {
    "name": "disk/1-20/disk_ops/read",
    "value": {
      "Rate": {
        "value": 17.3067461702536,
        "timestamp": "2023-05-24T17:25:47.351Z",
        "interval": 20.0
      }
    }
  },
  {
    "name": "disk/1-20/disk_ops/write",
    "value": {
      "Rate": {
        "value": 0.0,
        "timestamp": "2023-05-24T17:25:47.351Z",
        "interval": 20.0
      }
    }
  },
  {
    "name": "disk/1-20/disk_octets/read",
    "value": {
      "Rate": {
        "value": 70888.4535866987,
        "timestamp": "2023-05-24T17:25:47.351Z",
        "interval": 20.0
      }
    }
  },
  {
    "name": "disk/1-20/disk_octets/write",
    "value": {
      "Rate": {
        "value": 0.0,
        "timestamp": "2023-05-24T17:25:47.351Z",
        "interval": 20.0
      }
    }
  },
  {
    "name": "uptime/uptime",
    "value": {
      "Gauge": {
        "value": 790156.0,
        "timestamp": "2023-05-24T17:25:47.353Z"
      }
    }
  }
]
