---
source: memfaultd/src/metrics/hrt/report.rs
expression: hrt_report_serialized
---
{
  "schema_version": 1,
  "producer": {
    "id": "memfaultd",
    "version": "[version]"
  },
  "start_time": "[start_time]",
  "duration_ms": "[duration]",
  "rollups": [
    {
      "metadata": {
        "string_key": "test_counter",
        "metric_type": "counter",
        "data_type": "double",
        "internal": false
      },
      "data": [
        {
          "t": "[timestamp]",
          "value": 0.0
        },
        {
          "t": "[timestamp]",
          "value": 1.0
        },
        {
          "t": "[timestamp]",
          "value": 2.0
        },
        {
          "t": "[timestamp]",
          "value": 3.0
        },
        {
          "t": "[timestamp]",
          "value": 4.0
        },
        {
          "t": "[timestamp]",
          "value": 5.0
        },
        {
          "t": "[timestamp]",
          "value": 6.0
        },
        {
          "t": "[timestamp]",
          "value": 7.0
        },
        {
          "t": "[timestamp]",
          "value": 8.0
        },
        {
          "t": "[timestamp]",
          "value": 9.0
        },
        {
          "t": "[timestamp]",
          "value": 10.0
        },
        {
          "t": "[timestamp]",
          "value": 11.0
        },
        {
          "t": "[timestamp]",
          "value": 12.0
        },
        {
          "t": "[timestamp]",
          "value": 13.0
        },
        {
          "t": "[timestamp]",
          "value": 14.0
        },
        {
          "t": "[timestamp]",
          "value": 15.0
        },
        {
          "t": "[timestamp]",
          "value": 16.0
        },
        {
          "t": "[timestamp]",
          "value": 17.0
        },
        {
          "t": "[timestamp]",
          "value": 18.0
        },
        {
          "t": "[timestamp]",
          "value": 19.0
        },
        {
          "t": "[timestamp]",
          "value": 20.0
        },
        {
          "t": "[timestamp]",
          "value": 21.0
        },
        {
          "t": "[timestamp]",
          "value": 22.0
        },
        {
          "t": "[timestamp]",
          "value": 23.0
        },
        {
          "t": "[timestamp]",
          "value": 24.0
        },
        {
          "t": "[timestamp]",
          "value": 25.0
        },
        {
          "t": "[timestamp]",
          "value": 26.0
        },
        {
          "t": "[timestamp]",
          "value": 27.0
        },
        {
          "t": "[timestamp]",
          "value": 28.0
        },
        {
          "t": "[timestamp]",
          "value": 29.0
        },
        {
          "t": "[timestamp]",
          "value": 30.0
        },
        {
          "t": "[timestamp]",
          "value": 31.0
        },
        {
          "t": "[timestamp]",
          "value": 32.0
        },
        {
          "t": "[timestamp]",
          "value": 33.0
        },
        {
          "t": "[timestamp]",
          "value": 34.0
        },
        {
          "t": "[timestamp]",
          "value": 35.0
        },
        {
          "t": "[timestamp]",
          "value": 36.0
        },
        {
          "t": "[timestamp]",
          "value": 37.0
        },
        {
          "t": "[timestamp]",
          "value": 38.0
        },
        {
          "t": "[timestamp]",
          "value": 39.0
        },
        {
          "t": "[timestamp]",
          "value": 40.0
        },
        {
          "t": "[timestamp]",
          "value": 41.0
        },
        {
          "t": "[timestamp]",
          "value": 42.0
        },
        {
          "t": "[timestamp]",
          "value": 43.0
        },
        {
          "t": "[timestamp]",
          "value": 44.0
        },
        {
          "t": "[timestamp]",
          "value": 45.0
        },
        {
          "t": "[timestamp]",
          "value": 46.0
        },
        {
          "t": "[timestamp]",
          "value": 47.0
        },
        {
          "t": "[timestamp]",
          "value": 48.0
        },
        {
          "t": "[timestamp]",
          "value": 49.0
        },
        {
          "t": "[timestamp]",
          "value": 50.0
        },
        {
          "t": "[timestamp]",
          "value": 51.0
        },
        {
          "t": "[timestamp]",
          "value": 52.0
        },
        {
          "t": "[timestamp]",
          "value": 53.0
        },
        {
          "t": "[timestamp]",
          "value": 54.0
        },
        {
          "t": "[timestamp]",
          "value": 55.0
        },
        {
          "t": "[timestamp]",
          "value": 56.0
        },
        {
          "t": "[timestamp]",
          "value": 57.0
        },
        {
          "t": "[timestamp]",
          "value": 58.0
        },
        {
          "t": "[timestamp]",
          "value": 59.0
        },
        {
          "t": "[timestamp]",
          "value": 60.0
        },
        {
          "t": "[timestamp]",
          "value": 61.0
        },
        {
          "t": "[timestamp]",
          "value": 62.0
        },
        {
          "t": "[timestamp]",
          "value": 63.0
        },
        {
          "t": "[timestamp]",
          "value": 64.0
        },
        {
          "t": "[timestamp]",
          "value": 65.0
        },
        {
          "t": "[timestamp]",
          "value": 66.0
        },
        {
          "t": "[timestamp]",
          "value": 67.0
        },
        {
          "t": "[timestamp]",
          "value": 68.0
        },
        {
          "t": "[timestamp]",
          "value": 69.0
        },
        {
          "t": "[timestamp]",
          "value": 70.0
        },
        {
          "t": "[timestamp]",
          "value": 71.0
        },
        {
          "t": "[timestamp]",
          "value": 72.0
        },
        {
          "t": "[timestamp]",
          "value": 73.0
        },
        {
          "t": "[timestamp]",
          "value": 74.0
        },
        {
          "t": "[timestamp]",
          "value": 75.0
        },
        {
          "t": "[timestamp]",
          "value": 76.0
        },
        {
          "t": "[timestamp]",
          "value": 77.0
        },
        {
          "t": "[timestamp]",
          "value": 78.0
        },
        {
          "t": "[timestamp]",
          "value": 79.0
        },
        {
          "t": "[timestamp]",
          "value": 80.0
        },
        {
          "t": "[timestamp]",
          "value": 81.0
        },
        {
          "t": "[timestamp]",
          "value": 82.0
        },
        {
          "t": "[timestamp]",
          "value": 83.0
        },
        {
          "t": "[timestamp]",
          "value": 84.0
        },
        {
          "t": "[timestamp]",
          "value": 85.0
        },
        {
          "t": "[timestamp]",
          "value": 86.0
        },
        {
          "t": "[timestamp]",
          "value": 87.0
        },
        {
          "t": "[timestamp]",
          "value": 88.0
        },
        {
          "t": "[timestamp]",
          "value": 89.0
        },
        {
          "t": "[timestamp]",
          "value": 90.0
        },
        {
          "t": "[timestamp]",
          "value": 91.0
        },
        {
          "t": "[timestamp]",
          "value": 92.0
        },
        {
          "t": "[timestamp]",
          "value": 93.0
        },
        {
          "t": "[timestamp]",
          "value": 94.0
        },
        {
          "t": "[timestamp]",
          "value": 95.0
        },
        {
          "t": "[timestamp]",
          "value": 96.0
        },
        {
          "t": "[timestamp]",
          "value": 97.0
        },
        {
          "t": "[timestamp]",
          "value": 98.0
        },
        {
          "t": "[timestamp]",
          "value": 99.0
        }
      ]
    },
    {
      "metadata": {
        "string_key": "test_counter_2",
        "metric_type": "counter",
        "data_type": "double",
        "internal": false
      },
      "data": [
        {
          "t": "[timestamp]",
          "value": 1000.0
        },
        {
          "t": "[timestamp]",
          "value": 1001.0
        },
        {
          "t": "[timestamp]",
          "value": 1002.0
        },
        {
          "t": "[timestamp]",
          "value": 1003.0
        },
        {
          "t": "[timestamp]",
          "value": 1004.0
        },
        {
          "t": "[timestamp]",
          "value": 1005.0
        },
        {
          "t": "[timestamp]",
          "value": 1006.0
        },
        {
          "t": "[timestamp]",
          "value": 1007.0
        },
        {
          "t": "[timestamp]",
          "value": 1008.0
        },
        {
          "t": "[timestamp]",
          "value": 1009.0
        },
        {
          "t": "[timestamp]",
          "value": 1010.0
        },
        {
          "t": "[timestamp]",
          "value": 1011.0
        },
        {
          "t": "[timestamp]",
          "value": 1012.0
        },
        {
          "t": "[timestamp]",
          "value": 1013.0
        },
        {
          "t": "[timestamp]",
          "value": 1014.0
        },
        {
          "t": "[timestamp]",
          "value": 1015.0
        },
        {
          "t": "[timestamp]",
          "value": 1016.0
        },
        {
          "t": "[timestamp]",
          "value": 1017.0
        },
        {
          "t": "[timestamp]",
          "value": 1018.0
        },
        {
          "t": "[timestamp]",
          "value": 1019.0
        },
        {
          "t": "[timestamp]",
          "value": 1020.0
        },
        {
          "t": "[timestamp]",
          "value": 1021.0
        },
        {
          "t": "[timestamp]",
          "value": 1022.0
        },
        {
          "t": "[timestamp]",
          "value": 1023.0
        },
        {
          "t": "[timestamp]",
          "value": 1024.0
        },
        {
          "t": "[timestamp]",
          "value": 1025.0
        },
        {
          "t": "[timestamp]",
          "value": 1026.0
        },
        {
          "t": "[timestamp]",
          "value": 1027.0
        },
        {
          "t": "[timestamp]",
          "value": 1028.0
        },
        {
          "t": "[timestamp]",
          "value": 1029.0
        },
        {
          "t": "[timestamp]",
          "value": 1030.0
        },
        {
          "t": "[timestamp]",
          "value": 1031.0
        },
        {
          "t": "[timestamp]",
          "value": 1032.0
        },
        {
          "t": "[timestamp]",
          "value": 1033.0
        },
        {
          "t": "[timestamp]",
          "value": 1034.0
        },
        {
          "t": "[timestamp]",
          "value": 1035.0
        },
        {
          "t": "[timestamp]",
          "value": 1036.0
        },
        {
          "t": "[timestamp]",
          "value": 1037.0
        },
        {
          "t": "[timestamp]",
          "value": 1038.0
        },
        {
          "t": "[timestamp]",
          "value": 1039.0
        },
        {
          "t": "[timestamp]",
          "value": 1040.0
        },
        {
          "t": "[timestamp]",
          "value": 1041.0
        },
        {
          "t": "[timestamp]",
          "value": 1042.0
        },
        {
          "t": "[timestamp]",
          "value": 1043.0
        },
        {
          "t": "[timestamp]",
          "value": 1044.0
        },
        {
          "t": "[timestamp]",
          "value": 1045.0
        },
        {
          "t": "[timestamp]",
          "value": 1046.0
        },
        {
          "t": "[timestamp]",
          "value": 1047.0
        },
        {
          "t": "[timestamp]",
          "value": 1048.0
        },
        {
          "t": "[timestamp]",
          "value": 1049.0
        },
        {
          "t": "[timestamp]",
          "value": 1050.0
        },
        {
          "t": "[timestamp]",
          "value": 1051.0
        },
        {
          "t": "[timestamp]",
          "value": 1052.0
        },
        {
          "t": "[timestamp]",
          "value": 1053.0
        },
        {
          "t": "[timestamp]",
          "value": 1054.0
        },
        {
          "t": "[timestamp]",
          "value": 1055.0
        },
        {
          "t": "[timestamp]",
          "value": 1056.0
        },
        {
          "t": "[timestamp]",
          "value": 1057.0
        },
        {
          "t": "[timestamp]",
          "value": 1058.0
        },
        {
          "t": "[timestamp]",
          "value": 1059.0
        },
        {
          "t": "[timestamp]",
          "value": 1060.0
        },
        {
          "t": "[timestamp]",
          "value": 1061.0
        },
        {
          "t": "[timestamp]",
          "value": 1062.0
        },
        {
          "t": "[timestamp]",
          "value": 1063.0
        },
        {
          "t": "[timestamp]",
          "value": 1064.0
        },
        {
          "t": "[timestamp]",
          "value": 1065.0
        },
        {
          "t": "[timestamp]",
          "value": 1066.0
        },
        {
          "t": "[timestamp]",
          "value": 1067.0
        },
        {
          "t": "[timestamp]",
          "value": 1068.0
        },
        {
          "t": "[timestamp]",
          "value": 1069.0
        },
        {
          "t": "[timestamp]",
          "value": 1070.0
        },
        {
          "t": "[timestamp]",
          "value": 1071.0
        },
        {
          "t": "[timestamp]",
          "value": 1072.0
        },
        {
          "t": "[timestamp]",
          "value": 1073.0
        },
        {
          "t": "[timestamp]",
          "value": 1074.0
        },
        {
          "t": "[timestamp]",
          "value": 1075.0
        },
        {
          "t": "[timestamp]",
          "value": 1076.0
        },
        {
          "t": "[timestamp]",
          "value": 1077.0
        },
        {
          "t": "[timestamp]",
          "value": 1078.0
        },
        {
          "t": "[timestamp]",
          "value": 1079.0
        },
        {
          "t": "[timestamp]",
          "value": 1080.0
        },
        {
          "t": "[timestamp]",
          "value": 1081.0
        },
        {
          "t": "[timestamp]",
          "value": 1082.0
        },
        {
          "t": "[timestamp]",
          "value": 1083.0
        },
        {
          "t": "[timestamp]",
          "value": 1084.0
        },
        {
          "t": "[timestamp]",
          "value": 1085.0
        },
        {
          "t": "[timestamp]",
          "value": 1086.0
        },
        {
          "t": "[timestamp]",
          "value": 1087.0
        },
        {
          "t": "[timestamp]",
          "value": 1088.0
        },
        {
          "t": "[timestamp]",
          "value": 1089.0
        },
        {
          "t": "[timestamp]",
          "value": 1090.0
        },
        {
          "t": "[timestamp]",
          "value": 1091.0
        },
        {
          "t": "[timestamp]",
          "value": 1092.0
        },
        {
          "t": "[timestamp]",
          "value": 1093.0
        },
        {
          "t": "[timestamp]",
          "value": 1094.0
        },
        {
          "t": "[timestamp]",
          "value": 1095.0
        },
        {
          "t": "[timestamp]",
          "value": 1096.0
        },
        {
          "t": "[timestamp]",
          "value": 1097.0
        },
        {
          "t": "[timestamp]",
          "value": 1098.0
        },
        {
          "t": "[timestamp]",
          "value": 1099.0
        }
      ]
    },
    {
      "metadata": {
        "string_key": "test_gauge",
        "metric_type": "gauge",
        "data_type": "double",
        "internal": false
      },
      "data": [
        {
          "t": "[timestamp]",
          "value": 200.0
        },
        {
          "t": "[timestamp]",
          "value": 201.0
        },
        {
          "t": "[timestamp]",
          "value": 202.0
        },
        {
          "t": "[timestamp]",
          "value": 203.0
        },
        {
          "t": "[timestamp]",
          "value": 204.0
        },
        {
          "t": "[timestamp]",
          "value": 205.0
        },
        {
          "t": "[timestamp]",
          "value": 206.0
        },
        {
          "t": "[timestamp]",
          "value": 207.0
        },
        {
          "t": "[timestamp]",
          "value": 208.0
        },
        {
          "t": "[timestamp]",
          "value": 209.0
        },
        {
          "t": "[timestamp]",
          "value": 210.0
        },
        {
          "t": "[timestamp]",
          "value": 211.0
        },
        {
          "t": "[timestamp]",
          "value": 212.0
        },
        {
          "t": "[timestamp]",
          "value": 213.0
        },
        {
          "t": "[timestamp]",
          "value": 214.0
        },
        {
          "t": "[timestamp]",
          "value": 215.0
        },
        {
          "t": "[timestamp]",
          "value": 216.0
        },
        {
          "t": "[timestamp]",
          "value": 217.0
        },
        {
          "t": "[timestamp]",
          "value": 218.0
        },
        {
          "t": "[timestamp]",
          "value": 219.0
        },
        {
          "t": "[timestamp]",
          "value": 220.0
        },
        {
          "t": "[timestamp]",
          "value": 221.0
        },
        {
          "t": "[timestamp]",
          "value": 222.0
        },
        {
          "t": "[timestamp]",
          "value": 223.0
        },
        {
          "t": "[timestamp]",
          "value": 224.0
        },
        {
          "t": "[timestamp]",
          "value": 225.0
        },
        {
          "t": "[timestamp]",
          "value": 226.0
        },
        {
          "t": "[timestamp]",
          "value": 227.0
        },
        {
          "t": "[timestamp]",
          "value": 228.0
        },
        {
          "t": "[timestamp]",
          "value": 229.0
        },
        {
          "t": "[timestamp]",
          "value": 230.0
        },
        {
          "t": "[timestamp]",
          "value": 231.0
        },
        {
          "t": "[timestamp]",
          "value": 232.0
        },
        {
          "t": "[timestamp]",
          "value": 233.0
        },
        {
          "t": "[timestamp]",
          "value": 234.0
        },
        {
          "t": "[timestamp]",
          "value": 235.0
        },
        {
          "t": "[timestamp]",
          "value": 236.0
        },
        {
          "t": "[timestamp]",
          "value": 237.0
        },
        {
          "t": "[timestamp]",
          "value": 238.0
        },
        {
          "t": "[timestamp]",
          "value": 239.0
        },
        {
          "t": "[timestamp]",
          "value": 240.0
        },
        {
          "t": "[timestamp]",
          "value": 241.0
        },
        {
          "t": "[timestamp]",
          "value": 242.0
        },
        {
          "t": "[timestamp]",
          "value": 243.0
        },
        {
          "t": "[timestamp]",
          "value": 244.0
        },
        {
          "t": "[timestamp]",
          "value": 245.0
        },
        {
          "t": "[timestamp]",
          "value": 246.0
        },
        {
          "t": "[timestamp]",
          "value": 247.0
        },
        {
          "t": "[timestamp]",
          "value": 248.0
        },
        {
          "t": "[timestamp]",
          "value": 249.0
        },
        {
          "t": "[timestamp]",
          "value": 250.0
        },
        {
          "t": "[timestamp]",
          "value": 251.0
        },
        {
          "t": "[timestamp]",
          "value": 252.0
        },
        {
          "t": "[timestamp]",
          "value": 253.0
        },
        {
          "t": "[timestamp]",
          "value": 254.0
        },
        {
          "t": "[timestamp]",
          "value": 255.0
        },
        {
          "t": "[timestamp]",
          "value": 256.0
        },
        {
          "t": "[timestamp]",
          "value": 257.0
        },
        {
          "t": "[timestamp]",
          "value": 258.0
        },
        {
          "t": "[timestamp]",
          "value": 259.0
        },
        {
          "t": "[timestamp]",
          "value": 260.0
        },
        {
          "t": "[timestamp]",
          "value": 261.0
        },
        {
          "t": "[timestamp]",
          "value": 262.0
        },
        {
          "t": "[timestamp]",
          "value": 263.0
        },
        {
          "t": "[timestamp]",
          "value": 264.0
        },
        {
          "t": "[timestamp]",
          "value": 265.0
        },
        {
          "t": "[timestamp]",
          "value": 266.0
        },
        {
          "t": "[timestamp]",
          "value": 267.0
        },
        {
          "t": "[timestamp]",
          "value": 268.0
        },
        {
          "t": "[timestamp]",
          "value": 269.0
        },
        {
          "t": "[timestamp]",
          "value": 270.0
        },
        {
          "t": "[timestamp]",
          "value": 271.0
        },
        {
          "t": "[timestamp]",
          "value": 272.0
        },
        {
          "t": "[timestamp]",
          "value": 273.0
        },
        {
          "t": "[timestamp]",
          "value": 274.0
        },
        {
          "t": "[timestamp]",
          "value": 275.0
        },
        {
          "t": "[timestamp]",
          "value": 276.0
        },
        {
          "t": "[timestamp]",
          "value": 277.0
        },
        {
          "t": "[timestamp]",
          "value": 278.0
        },
        {
          "t": "[timestamp]",
          "value": 279.0
        },
        {
          "t": "[timestamp]",
          "value": 280.0
        },
        {
          "t": "[timestamp]",
          "value": 281.0
        },
        {
          "t": "[timestamp]",
          "value": 282.0
        },
        {
          "t": "[timestamp]",
          "value": 283.0
        },
        {
          "t": "[timestamp]",
          "value": 284.0
        },
        {
          "t": "[timestamp]",
          "value": 285.0
        },
        {
          "t": "[timestamp]",
          "value": 286.0
        },
        {
          "t": "[timestamp]",
          "value": 287.0
        },
        {
          "t": "[timestamp]",
          "value": 288.0
        },
        {
          "t": "[timestamp]",
          "value": 289.0
        },
        {
          "t": "[timestamp]",
          "value": 290.0
        },
        {
          "t": "[timestamp]",
          "value": 291.0
        },
        {
          "t": "[timestamp]",
          "value": 292.0
        },
        {
          "t": "[timestamp]",
          "value": 293.0
        },
        {
          "t": "[timestamp]",
          "value": 294.0
        },
        {
          "t": "[timestamp]",
          "value": 295.0
        },
        {
          "t": "[timestamp]",
          "value": 296.0
        },
        {
          "t": "[timestamp]",
          "value": 297.0
        },
        {
          "t": "[timestamp]",
          "value": 298.0
        },
        {
          "t": "[timestamp]",
          "value": 299.0
        },
        {
          "t": "[timestamp]",
          "value": 300.0
        },
        {
          "t": "[timestamp]",
          "value": 301.0
        },
        {
          "t": "[timestamp]",
          "value": 302.0
        },
        {
          "t": "[timestamp]",
          "value": 303.0
        },
        {
          "t": "[timestamp]",
          "value": 304.0
        },
        {
          "t": "[timestamp]",
          "value": 305.0
        },
        {
          "t": "[timestamp]",
          "value": 306.0
        },
        {
          "t": "[timestamp]",
          "value": 307.0
        },
        {
          "t": "[timestamp]",
          "value": 308.0
        },
        {
          "t": "[timestamp]",
          "value": 309.0
        },
        {
          "t": "[timestamp]",
          "value": 310.0
        },
        {
          "t": "[timestamp]",
          "value": 311.0
        },
        {
          "t": "[timestamp]",
          "value": 312.0
        },
        {
          "t": "[timestamp]",
          "value": 313.0
        },
        {
          "t": "[timestamp]",
          "value": 314.0
        },
        {
          "t": "[timestamp]",
          "value": 315.0
        },
        {
          "t": "[timestamp]",
          "value": 316.0
        },
        {
          "t": "[timestamp]",
          "value": 317.0
        },
        {
          "t": "[timestamp]",
          "value": 318.0
        },
        {
          "t": "[timestamp]",
          "value": 319.0
        },
        {
          "t": "[timestamp]",
          "value": 320.0
        },
        {
          "t": "[timestamp]",
          "value": 321.0
        },
        {
          "t": "[timestamp]",
          "value": 322.0
        },
        {
          "t": "[timestamp]",
          "value": 323.0
        },
        {
          "t": "[timestamp]",
          "value": 324.0
        },
        {
          "t": "[timestamp]",
          "value": 325.0
        },
        {
          "t": "[timestamp]",
          "value": 326.0
        },
        {
          "t": "[timestamp]",
          "value": 327.0
        },
        {
          "t": "[timestamp]",
          "value": 328.0
        },
        {
          "t": "[timestamp]",
          "value": 329.0
        }
      ]
    },
    {
      "metadata": {
        "string_key": "test_histo",
        "metric_type": "gauge",
        "data_type": "double",
        "internal": false
      },
      "data": [
        {
          "t": "[timestamp]",
          "value": 500.0
        },
        {
          "t": "[timestamp]",
          "value": 501.0
        },
        {
          "t": "[timestamp]",
          "value": 502.0
        },
        {
          "t": "[timestamp]",
          "value": 503.0
        },
        {
          "t": "[timestamp]",
          "value": 504.0
        },
        {
          "t": "[timestamp]",
          "value": 505.0
        },
        {
          "t": "[timestamp]",
          "value": 506.0
        },
        {
          "t": "[timestamp]",
          "value": 507.0
        },
        {
          "t": "[timestamp]",
          "value": 508.0
        },
        {
          "t": "[timestamp]",
          "value": 509.0
        },
        {
          "t": "[timestamp]",
          "value": 510.0
        },
        {
          "t": "[timestamp]",
          "value": 511.0
        },
        {
          "t": "[timestamp]",
          "value": 512.0
        },
        {
          "t": "[timestamp]",
          "value": 513.0
        },
        {
          "t": "[timestamp]",
          "value": 514.0
        },
        {
          "t": "[timestamp]",
          "value": 515.0
        },
        {
          "t": "[timestamp]",
          "value": 516.0
        },
        {
          "t": "[timestamp]",
          "value": 517.0
        },
        {
          "t": "[timestamp]",
          "value": 518.0
        },
        {
          "t": "[timestamp]",
          "value": 519.0
        },
        {
          "t": "[timestamp]",
          "value": 520.0
        },
        {
          "t": "[timestamp]",
          "value": 521.0
        },
        {
          "t": "[timestamp]",
          "value": 522.0
        },
        {
          "t": "[timestamp]",
          "value": 523.0
        },
        {
          "t": "[timestamp]",
          "value": 524.0
        },
        {
          "t": "[timestamp]",
          "value": 525.0
        },
        {
          "t": "[timestamp]",
          "value": 526.0
        },
        {
          "t": "[timestamp]",
          "value": 527.0
        },
        {
          "t": "[timestamp]",
          "value": 528.0
        },
        {
          "t": "[timestamp]",
          "value": 529.0
        },
        {
          "t": "[timestamp]",
          "value": 530.0
        },
        {
          "t": "[timestamp]",
          "value": 531.0
        },
        {
          "t": "[timestamp]",
          "value": 532.0
        },
        {
          "t": "[timestamp]",
          "value": 533.0
        },
        {
          "t": "[timestamp]",
          "value": 534.0
        },
        {
          "t": "[timestamp]",
          "value": 535.0
        },
        {
          "t": "[timestamp]",
          "value": 536.0
        },
        {
          "t": "[timestamp]",
          "value": 537.0
        },
        {
          "t": "[timestamp]",
          "value": 538.0
        },
        {
          "t": "[timestamp]",
          "value": 539.0
        },
        {
          "t": "[timestamp]",
          "value": 540.0
        },
        {
          "t": "[timestamp]",
          "value": 541.0
        },
        {
          "t": "[timestamp]",
          "value": 542.0
        },
        {
          "t": "[timestamp]",
          "value": 543.0
        },
        {
          "t": "[timestamp]",
          "value": 544.0
        },
        {
          "t": "[timestamp]",
          "value": 545.0
        },
        {
          "t": "[timestamp]",
          "value": 546.0
        },
        {
          "t": "[timestamp]",
          "value": 547.0
        },
        {
          "t": "[timestamp]",
          "value": 548.0
        },
        {
          "t": "[timestamp]",
          "value": 549.0
        },
        {
          "t": "[timestamp]",
          "value": 550.0
        },
        {
          "t": "[timestamp]",
          "value": 551.0
        },
        {
          "t": "[timestamp]",
          "value": 552.0
        },
        {
          "t": "[timestamp]",
          "value": 553.0
        },
        {
          "t": "[timestamp]",
          "value": 554.0
        },
        {
          "t": "[timestamp]",
          "value": 555.0
        },
        {
          "t": "[timestamp]",
          "value": 556.0
        },
        {
          "t": "[timestamp]",
          "value": 557.0
        },
        {
          "t": "[timestamp]",
          "value": 558.0
        },
        {
          "t": "[timestamp]",
          "value": 559.0
        },
        {
          "t": "[timestamp]",
          "value": 560.0
        },
        {
          "t": "[timestamp]",
          "value": 561.0
        },
        {
          "t": "[timestamp]",
          "value": 562.0
        },
        {
          "t": "[timestamp]",
          "value": 563.0
        },
        {
          "t": "[timestamp]",
          "value": 564.0
        },
        {
          "t": "[timestamp]",
          "value": 565.0
        },
        {
          "t": "[timestamp]",
          "value": 566.0
        },
        {
          "t": "[timestamp]",
          "value": 567.0
        },
        {
          "t": "[timestamp]",
          "value": 568.0
        },
        {
          "t": "[timestamp]",
          "value": 569.0
        },
        {
          "t": "[timestamp]",
          "value": 570.0
        },
        {
          "t": "[timestamp]",
          "value": 571.0
        },
        {
          "t": "[timestamp]",
          "value": 572.0
        },
        {
          "t": "[timestamp]",
          "value": 573.0
        },
        {
          "t": "[timestamp]",
          "value": 574.0
        },
        {
          "t": "[timestamp]",
          "value": 575.0
        },
        {
          "t": "[timestamp]",
          "value": 576.0
        },
        {
          "t": "[timestamp]",
          "value": 577.0
        },
        {
          "t": "[timestamp]",
          "value": 578.0
        },
        {
          "t": "[timestamp]",
          "value": 579.0
        },
        {
          "t": "[timestamp]",
          "value": 580.0
        },
        {
          "t": "[timestamp]",
          "value": 581.0
        },
        {
          "t": "[timestamp]",
          "value": 582.0
        },
        {
          "t": "[timestamp]",
          "value": 583.0
        },
        {
          "t": "[timestamp]",
          "value": 584.0
        },
        {
          "t": "[timestamp]",
          "value": 585.0
        },
        {
          "t": "[timestamp]",
          "value": 586.0
        },
        {
          "t": "[timestamp]",
          "value": 587.0
        },
        {
          "t": "[timestamp]",
          "value": 588.0
        },
        {
          "t": "[timestamp]",
          "value": 589.0
        },
        {
          "t": "[timestamp]",
          "value": 590.0
        },
        {
          "t": "[timestamp]",
          "value": 591.0
        },
        {
          "t": "[timestamp]",
          "value": 592.0
        },
        {
          "t": "[timestamp]",
          "value": 593.0
        },
        {
          "t": "[timestamp]",
          "value": 594.0
        },
        {
          "t": "[timestamp]",
          "value": 595.0
        },
        {
          "t": "[timestamp]",
          "value": 596.0
        },
        {
          "t": "[timestamp]",
          "value": 597.0
        },
        {
          "t": "[timestamp]",
          "value": 598.0
        },
        {
          "t": "[timestamp]",
          "value": 599.0
        },
        {
          "t": "[timestamp]",
          "value": 600.0
        },
        {
          "t": "[timestamp]",
          "value": 601.0
        },
        {
          "t": "[timestamp]",
          "value": 602.0
        },
        {
          "t": "[timestamp]",
          "value": 603.0
        },
        {
          "t": "[timestamp]",
          "value": 604.0
        },
        {
          "t": "[timestamp]",
          "value": 605.0
        },
        {
          "t": "[timestamp]",
          "value": 606.0
        },
        {
          "t": "[timestamp]",
          "value": 607.0
        },
        {
          "t": "[timestamp]",
          "value": 608.0
        },
        {
          "t": "[timestamp]",
          "value": 609.0
        },
        {
          "t": "[timestamp]",
          "value": 610.0
        },
        {
          "t": "[timestamp]",
          "value": 611.0
        },
        {
          "t": "[timestamp]",
          "value": 612.0
        },
        {
          "t": "[timestamp]",
          "value": 613.0
        },
        {
          "t": "[timestamp]",
          "value": 614.0
        },
        {
          "t": "[timestamp]",
          "value": 615.0
        },
        {
          "t": "[timestamp]",
          "value": 616.0
        },
        {
          "t": "[timestamp]",
          "value": 617.0
        },
        {
          "t": "[timestamp]",
          "value": 618.0
        },
        {
          "t": "[timestamp]",
          "value": 619.0
        },
        {
          "t": "[timestamp]",
          "value": 620.0
        },
        {
          "t": "[timestamp]",
          "value": 621.0
        },
        {
          "t": "[timestamp]",
          "value": 622.0
        },
        {
          "t": "[timestamp]",
          "value": 623.0
        },
        {
          "t": "[timestamp]",
          "value": 624.0
        },
        {
          "t": "[timestamp]",
          "value": 625.0
        },
        {
          "t": "[timestamp]",
          "value": 626.0
        },
        {
          "t": "[timestamp]",
          "value": 627.0
        },
        {
          "t": "[timestamp]",
          "value": 628.0
        },
        {
          "t": "[timestamp]",
          "value": 629.0
        },
        {
          "t": "[timestamp]",
          "value": 630.0
        },
        {
          "t": "[timestamp]",
          "value": 631.0
        },
        {
          "t": "[timestamp]",
          "value": 632.0
        },
        {
          "t": "[timestamp]",
          "value": 633.0
        },
        {
          "t": "[timestamp]",
          "value": 634.0
        },
        {
          "t": "[timestamp]",
          "value": 635.0
        },
        {
          "t": "[timestamp]",
          "value": 636.0
        },
        {
          "t": "[timestamp]",
          "value": 637.0
        },
        {
          "t": "[timestamp]",
          "value": 638.0
        },
        {
          "t": "[timestamp]",
          "value": 639.0
        },
        {
          "t": "[timestamp]",
          "value": 640.0
        },
        {
          "t": "[timestamp]",
          "value": 641.0
        },
        {
          "t": "[timestamp]",
          "value": 642.0
        },
        {
          "t": "[timestamp]",
          "value": 643.0
        },
        {
          "t": "[timestamp]",
          "value": 644.0
        },
        {
          "t": "[timestamp]",
          "value": 645.0
        },
        {
          "t": "[timestamp]",
          "value": 646.0
        },
        {
          "t": "[timestamp]",
          "value": 647.0
        },
        {
          "t": "[timestamp]",
          "value": 648.0
        },
        {
          "t": "[timestamp]",
          "value": 649.0
        },
        {
          "t": "[timestamp]",
          "value": 650.0
        },
        {
          "t": "[timestamp]",
          "value": 651.0
        },
        {
          "t": "[timestamp]",
          "value": 652.0
        },
        {
          "t": "[timestamp]",
          "value": 653.0
        },
        {
          "t": "[timestamp]",
          "value": 654.0
        },
        {
          "t": "[timestamp]",
          "value": 655.0
        },
        {
          "t": "[timestamp]",
          "value": 656.0
        },
        {
          "t": "[timestamp]",
          "value": 657.0
        },
        {
          "t": "[timestamp]",
          "value": 658.0
        },
        {
          "t": "[timestamp]",
          "value": 659.0
        },
        {
          "t": "[timestamp]",
          "value": 660.0
        },
        {
          "t": "[timestamp]",
          "value": 661.0
        },
        {
          "t": "[timestamp]",
          "value": 662.0
        },
        {
          "t": "[timestamp]",
          "value": 663.0
        },
        {
          "t": "[timestamp]",
          "value": 664.0
        },
        {
          "t": "[timestamp]",
          "value": 665.0
        },
        {
          "t": "[timestamp]",
          "value": 666.0
        },
        {
          "t": "[timestamp]",
          "value": 667.0
        },
        {
          "t": "[timestamp]",
          "value": 668.0
        },
        {
          "t": "[timestamp]",
          "value": 669.0
        },
        {
          "t": "[timestamp]",
          "value": 670.0
        },
        {
          "t": "[timestamp]",
          "value": 671.0
        },
        {
          "t": "[timestamp]",
          "value": 672.0
        },
        {
          "t": "[timestamp]",
          "value": 673.0
        },
        {
          "t": "[timestamp]",
          "value": 674.0
        },
        {
          "t": "[timestamp]",
          "value": 675.0
        },
        {
          "t": "[timestamp]",
          "value": 676.0
        },
        {
          "t": "[timestamp]",
          "value": 677.0
        },
        {
          "t": "[timestamp]",
          "value": 678.0
        },
        {
          "t": "[timestamp]",
          "value": 679.0
        },
        {
          "t": "[timestamp]",
          "value": 680.0
        },
        {
          "t": "[timestamp]",
          "value": 681.0
        },
        {
          "t": "[timestamp]",
          "value": 682.0
        },
        {
          "t": "[timestamp]",
          "value": 683.0
        },
        {
          "t": "[timestamp]",
          "value": 684.0
        },
        {
          "t": "[timestamp]",
          "value": 685.0
        },
        {
          "t": "[timestamp]",
          "value": 686.0
        },
        {
          "t": "[timestamp]",
          "value": 687.0
        },
        {
          "t": "[timestamp]",
          "value": 688.0
        },
        {
          "t": "[timestamp]",
          "value": 689.0
        },
        {
          "t": "[timestamp]",
          "value": 690.0
        },
        {
          "t": "[timestamp]",
          "value": 691.0
        },
        {
          "t": "[timestamp]",
          "value": 692.0
        },
        {
          "t": "[timestamp]",
          "value": 693.0
        },
        {
          "t": "[timestamp]",
          "value": 694.0
        },
        {
          "t": "[timestamp]",
          "value": 695.0
        },
        {
          "t": "[timestamp]",
          "value": 696.0
        },
        {
          "t": "[timestamp]",
          "value": 697.0
        },
        {
          "t": "[timestamp]",
          "value": 698.0
        },
        {
          "t": "[timestamp]",
          "value": 699.0
        },
        {
          "t": "[timestamp]",
          "value": 700.0
        },
        {
          "t": "[timestamp]",
          "value": 701.0
        },
        {
          "t": "[timestamp]",
          "value": 702.0
        },
        {
          "t": "[timestamp]",
          "value": 703.0
        },
        {
          "t": "[timestamp]",
          "value": 704.0
        },
        {
          "t": "[timestamp]",
          "value": 705.0
        },
        {
          "t": "[timestamp]",
          "value": 706.0
        },
        {
          "t": "[timestamp]",
          "value": 707.0
        },
        {
          "t": "[timestamp]",
          "value": 708.0
        },
        {
          "t": "[timestamp]",
          "value": 709.0
        },
        {
          "t": "[timestamp]",
          "value": 710.0
        },
        {
          "t": "[timestamp]",
          "value": 711.0
        },
        {
          "t": "[timestamp]",
          "value": 712.0
        },
        {
          "t": "[timestamp]",
          "value": 713.0
        },
        {
          "t": "[timestamp]",
          "value": 714.0
        },
        {
          "t": "[timestamp]",
          "value": 715.0
        },
        {
          "t": "[timestamp]",
          "value": 716.0
        },
        {
          "t": "[timestamp]",
          "value": 717.0
        },
        {
          "t": "[timestamp]",
          "value": 718.0
        },
        {
          "t": "[timestamp]",
          "value": 719.0
        },
        {
          "t": "[timestamp]",
          "value": 720.0
        },
        {
          "t": "[timestamp]",
          "value": 721.0
        },
        {
          "t": "[timestamp]",
          "value": 722.0
        },
        {
          "t": "[timestamp]",
          "value": 723.0
        },
        {
          "t": "[timestamp]",
          "value": 724.0
        },
        {
          "t": "[timestamp]",
          "value": 725.0
        },
        {
          "t": "[timestamp]",
          "value": 726.0
        },
        {
          "t": "[timestamp]",
          "value": 727.0
        },
        {
          "t": "[timestamp]",
          "value": 728.0
        },
        {
          "t": "[timestamp]",
          "value": 729.0
        },
        {
          "t": "[timestamp]",
          "value": 730.0
        },
        {
          "t": "[timestamp]",
          "value": 731.0
        },
        {
          "t": "[timestamp]",
          "value": 732.0
        },
        {
          "t": "[timestamp]",
          "value": 733.0
        },
        {
          "t": "[timestamp]",
          "value": 734.0
        },
        {
          "t": "[timestamp]",
          "value": 735.0
        },
        {
          "t": "[timestamp]",
          "value": 736.0
        },
        {
          "t": "[timestamp]",
          "value": 737.0
        },
        {
          "t": "[timestamp]",
          "value": 738.0
        },
        {
          "t": "[timestamp]",
          "value": 739.0
        },
        {
          "t": "[timestamp]",
          "value": 740.0
        },
        {
          "t": "[timestamp]",
          "value": 741.0
        },
        {
          "t": "[timestamp]",
          "value": 742.0
        },
        {
          "t": "[timestamp]",
          "value": 743.0
        },
        {
          "t": "[timestamp]",
          "value": 744.0
        },
        {
          "t": "[timestamp]",
          "value": 745.0
        },
        {
          "t": "[timestamp]",
          "value": 746.0
        },
        {
          "t": "[timestamp]",
          "value": 747.0
        },
        {
          "t": "[timestamp]",
          "value": 748.0
        },
        {
          "t": "[timestamp]",
          "value": 749.0
        },
        {
          "t": "[timestamp]",
          "value": 750.0
        },
        {
          "t": "[timestamp]",
          "value": 751.0
        },
        {
          "t": "[timestamp]",
          "value": 752.0
        },
        {
          "t": "[timestamp]",
          "value": 753.0
        },
        {
          "t": "[timestamp]",
          "value": 754.0
        },
        {
          "t": "[timestamp]",
          "value": 755.0
        },
        {
          "t": "[timestamp]",
          "value": 756.0
        },
        {
          "t": "[timestamp]",
          "value": 757.0
        },
        {
          "t": "[timestamp]",
          "value": 758.0
        },
        {
          "t": "[timestamp]",
          "value": 759.0
        },
        {
          "t": "[timestamp]",
          "value": 760.0
        },
        {
          "t": "[timestamp]",
          "value": 761.0
        },
        {
          "t": "[timestamp]",
          "value": 762.0
        },
        {
          "t": "[timestamp]",
          "value": 763.0
        },
        {
          "t": "[timestamp]",
          "value": 764.0
        },
        {
          "t": "[timestamp]",
          "value": 765.0
        },
        {
          "t": "[timestamp]",
          "value": 766.0
        },
        {
          "t": "[timestamp]",
          "value": 767.0
        },
        {
          "t": "[timestamp]",
          "value": 768.0
        },
        {
          "t": "[timestamp]",
          "value": 769.0
        },
        {
          "t": "[timestamp]",
          "value": 770.0
        },
        {
          "t": "[timestamp]",
          "value": 771.0
        },
        {
          "t": "[timestamp]",
          "value": 772.0
        },
        {
          "t": "[timestamp]",
          "value": 773.0
        },
        {
          "t": "[timestamp]",
          "value": 774.0
        },
        {
          "t": "[timestamp]",
          "value": 775.0
        },
        {
          "t": "[timestamp]",
          "value": 776.0
        },
        {
          "t": "[timestamp]",
          "value": 777.0
        },
        {
          "t": "[timestamp]",
          "value": 778.0
        },
        {
          "t": "[timestamp]",
          "value": 779.0
        },
        {
          "t": "[timestamp]",
          "value": 780.0
        },
        {
          "t": "[timestamp]",
          "value": 781.0
        },
        {
          "t": "[timestamp]",
          "value": 782.0
        },
        {
          "t": "[timestamp]",
          "value": 783.0
        },
        {
          "t": "[timestamp]",
          "value": 784.0
        },
        {
          "t": "[timestamp]",
          "value": 785.0
        },
        {
          "t": "[timestamp]",
          "value": 786.0
        },
        {
          "t": "[timestamp]",
          "value": 787.0
        },
        {
          "t": "[timestamp]",
          "value": 788.0
        },
        {
          "t": "[timestamp]",
          "value": 789.0
        },
        {
          "t": "[timestamp]",
          "value": 790.0
        },
        {
          "t": "[timestamp]",
          "value": 791.0
        },
        {
          "t": "[timestamp]",
          "value": 792.0
        },
        {
          "t": "[timestamp]",
          "value": 793.0
        },
        {
          "t": "[timestamp]",
          "value": 794.0
        },
        {
          "t": "[timestamp]",
          "value": 795.0
        },
        {
          "t": "[timestamp]",
          "value": 796.0
        },
        {
          "t": "[timestamp]",
          "value": 797.0
        },
        {
          "t": "[timestamp]",
          "value": 798.0
        },
        {
          "t": "[timestamp]",
          "value": 799.0
        },
        {
          "t": "[timestamp]",
          "value": 800.0
        },
        {
          "t": "[timestamp]",
          "value": 801.0
        },
        {
          "t": "[timestamp]",
          "value": 802.0
        },
        {
          "t": "[timestamp]",
          "value": 803.0
        },
        {
          "t": "[timestamp]",
          "value": 804.0
        },
        {
          "t": "[timestamp]",
          "value": 805.0
        },
        {
          "t": "[timestamp]",
          "value": 806.0
        },
        {
          "t": "[timestamp]",
          "value": 807.0
        },
        {
          "t": "[timestamp]",
          "value": 808.0
        },
        {
          "t": "[timestamp]",
          "value": 809.0
        },
        {
          "t": "[timestamp]",
          "value": 810.0
        },
        {
          "t": "[timestamp]",
          "value": 811.0
        },
        {
          "t": "[timestamp]",
          "value": 812.0
        },
        {
          "t": "[timestamp]",
          "value": 813.0
        },
        {
          "t": "[timestamp]",
          "value": 814.0
        },
        {
          "t": "[timestamp]",
          "value": 815.0
        },
        {
          "t": "[timestamp]",
          "value": 816.0
        },
        {
          "t": "[timestamp]",
          "value": 817.0
        },
        {
          "t": "[timestamp]",
          "value": 818.0
        },
        {
          "t": "[timestamp]",
          "value": 819.0
        },
        {
          "t": "[timestamp]",
          "value": 820.0
        },
        {
          "t": "[timestamp]",
          "value": 821.0
        },
        {
          "t": "[timestamp]",
          "value": 822.0
        },
        {
          "t": "[timestamp]",
          "value": 823.0
        },
        {
          "t": "[timestamp]",
          "value": 824.0
        },
        {
          "t": "[timestamp]",
          "value": 825.0
        },
        {
          "t": "[timestamp]",
          "value": 826.0
        },
        {
          "t": "[timestamp]",
          "value": 827.0
        },
        {
          "t": "[timestamp]",
          "value": 828.0
        },
        {
          "t": "[timestamp]",
          "value": 829.0
        },
        {
          "t": "[timestamp]",
          "value": 830.0
        },
        {
          "t": "[timestamp]",
          "value": 831.0
        },
        {
          "t": "[timestamp]",
          "value": 832.0
        },
        {
          "t": "[timestamp]",
          "value": 833.0
        },
        {
          "t": "[timestamp]",
          "value": 834.0
        },
        {
          "t": "[timestamp]",
          "value": 835.0
        },
        {
          "t": "[timestamp]",
          "value": 836.0
        },
        {
          "t": "[timestamp]",
          "value": 837.0
        },
        {
          "t": "[timestamp]",
          "value": 838.0
        },
        {
          "t": "[timestamp]",
          "value": 839.0
        },
        {
          "t": "[timestamp]",
          "value": 840.0
        },
        {
          "t": "[timestamp]",
          "value": 841.0
        },
        {
          "t": "[timestamp]",
          "value": 842.0
        },
        {
          "t": "[timestamp]",
          "value": 843.0
        },
        {
          "t": "[timestamp]",
          "value": 844.0
        },
        {
          "t": "[timestamp]",
          "value": 845.0
        },
        {
          "t": "[timestamp]",
          "value": 846.0
        },
        {
          "t": "[timestamp]",
          "value": 847.0
        },
        {
          "t": "[timestamp]",
          "value": 848.0
        },
        {
          "t": "[timestamp]",
          "value": 849.0
        },
        {
          "t": "[timestamp]",
          "value": 850.0
        },
        {
          "t": "[timestamp]",
          "value": 851.0
        },
        {
          "t": "[timestamp]",
          "value": 852.0
        },
        {
          "t": "[timestamp]",
          "value": 853.0
        },
        {
          "t": "[timestamp]",
          "value": 854.0
        },
        {
          "t": "[timestamp]",
          "value": 855.0
        },
        {
          "t": "[timestamp]",
          "value": 856.0
        },
        {
          "t": "[timestamp]",
          "value": 857.0
        },
        {
          "t": "[timestamp]",
          "value": 858.0
        },
        {
          "t": "[timestamp]",
          "value": 859.0
        },
        {
          "t": "[timestamp]",
          "value": 860.0
        },
        {
          "t": "[timestamp]",
          "value": 861.0
        },
        {
          "t": "[timestamp]",
          "value": 862.0
        },
        {
          "t": "[timestamp]",
          "value": 863.0
        },
        {
          "t": "[timestamp]",
          "value": 864.0
        },
        {
          "t": "[timestamp]",
          "value": 865.0
        },
        {
          "t": "[timestamp]",
          "value": 866.0
        },
        {
          "t": "[timestamp]",
          "value": 867.0
        },
        {
          "t": "[timestamp]",
          "value": 868.0
        },
        {
          "t": "[timestamp]",
          "value": 869.0
        },
        {
          "t": "[timestamp]",
          "value": 870.0
        },
        {
          "t": "[timestamp]",
          "value": 871.0
        },
        {
          "t": "[timestamp]",
          "value": 872.0
        },
        {
          "t": "[timestamp]",
          "value": 873.0
        },
        {
          "t": "[timestamp]",
          "value": 874.0
        },
        {
          "t": "[timestamp]",
          "value": 875.0
        },
        {
          "t": "[timestamp]",
          "value": 876.0
        },
        {
          "t": "[timestamp]",
          "value": 877.0
        },
        {
          "t": "[timestamp]",
          "value": 878.0
        },
        {
          "t": "[timestamp]",
          "value": 879.0
        },
        {
          "t": "[timestamp]",
          "value": 880.0
        },
        {
          "t": "[timestamp]",
          "value": 881.0
        },
        {
          "t": "[timestamp]",
          "value": 882.0
        },
        {
          "t": "[timestamp]",
          "value": 883.0
        },
        {
          "t": "[timestamp]",
          "value": 884.0
        },
        {
          "t": "[timestamp]",
          "value": 885.0
        },
        {
          "t": "[timestamp]",
          "value": 886.0
        },
        {
          "t": "[timestamp]",
          "value": 887.0
        },
        {
          "t": "[timestamp]",
          "value": 888.0
        },
        {
          "t": "[timestamp]",
          "value": 889.0
        },
        {
          "t": "[timestamp]",
          "value": 890.0
        },
        {
          "t": "[timestamp]",
          "value": 891.0
        },
        {
          "t": "[timestamp]",
          "value": 892.0
        },
        {
          "t": "[timestamp]",
          "value": 893.0
        },
        {
          "t": "[timestamp]",
          "value": 894.0
        },
        {
          "t": "[timestamp]",
          "value": 895.0
        },
        {
          "t": "[timestamp]",
          "value": 896.0
        },
        {
          "t": "[timestamp]",
          "value": 897.0
        },
        {
          "t": "[timestamp]",
          "value": 898.0
        },
        {
          "t": "[timestamp]",
          "value": 899.0
        },
        {
          "t": "[timestamp]",
          "value": 900.0
        },
        {
          "t": "[timestamp]",
          "value": 901.0
        },
        {
          "t": "[timestamp]",
          "value": 902.0
        },
        {
          "t": "[timestamp]",
          "value": 903.0
        },
        {
          "t": "[timestamp]",
          "value": 904.0
        },
        {
          "t": "[timestamp]",
          "value": 905.0
        },
        {
          "t": "[timestamp]",
          "value": 906.0
        },
        {
          "t": "[timestamp]",
          "value": 907.0
        },
        {
          "t": "[timestamp]",
          "value": 908.0
        },
        {
          "t": "[timestamp]",
          "value": 909.0
        },
        {
          "t": "[timestamp]",
          "value": 910.0
        },
        {
          "t": "[timestamp]",
          "value": 911.0
        },
        {
          "t": "[timestamp]",
          "value": 912.0
        },
        {
          "t": "[timestamp]",
          "value": 913.0
        },
        {
          "t": "[timestamp]",
          "value": 914.0
        },
        {
          "t": "[timestamp]",
          "value": 915.0
        },
        {
          "t": "[timestamp]",
          "value": 916.0
        },
        {
          "t": "[timestamp]",
          "value": 917.0
        },
        {
          "t": "[timestamp]",
          "value": 918.0
        },
        {
          "t": "[timestamp]",
          "value": 919.0
        },
        {
          "t": "[timestamp]",
          "value": 920.0
        },
        {
          "t": "[timestamp]",
          "value": 921.0
        },
        {
          "t": "[timestamp]",
          "value": 922.0
        },
        {
          "t": "[timestamp]",
          "value": 923.0
        },
        {
          "t": "[timestamp]",
          "value": 924.0
        },
        {
          "t": "[timestamp]",
          "value": 925.0
        },
        {
          "t": "[timestamp]",
          "value": 926.0
        },
        {
          "t": "[timestamp]",
          "value": 927.0
        },
        {
          "t": "[timestamp]",
          "value": 928.0
        },
        {
          "t": "[timestamp]",
          "value": 929.0
        },
        {
          "t": "[timestamp]",
          "value": 930.0
        },
        {
          "t": "[timestamp]",
          "value": 931.0
        },
        {
          "t": "[timestamp]",
          "value": 932.0
        },
        {
          "t": "[timestamp]",
          "value": 933.0
        },
        {
          "t": "[timestamp]",
          "value": 934.0
        },
        {
          "t": "[timestamp]",
          "value": 935.0
        },
        {
          "t": "[timestamp]",
          "value": 936.0
        },
        {
          "t": "[timestamp]",
          "value": 937.0
        },
        {
          "t": "[timestamp]",
          "value": 938.0
        },
        {
          "t": "[timestamp]",
          "value": 939.0
        },
        {
          "t": "[timestamp]",
          "value": 940.0
        },
        {
          "t": "[timestamp]",
          "value": 941.0
        },
        {
          "t": "[timestamp]",
          "value": 942.0
        },
        {
          "t": "[timestamp]",
          "value": 943.0
        },
        {
          "t": "[timestamp]",
          "value": 944.0
        },
        {
          "t": "[timestamp]",
          "value": 945.0
        },
        {
          "t": "[timestamp]",
          "value": 946.0
        },
        {
          "t": "[timestamp]",
          "value": 947.0
        },
        {
          "t": "[timestamp]",
          "value": 948.0
        },
        {
          "t": "[timestamp]",
          "value": 949.0
        },
        {
          "t": "[timestamp]",
          "value": 950.0
        },
        {
          "t": "[timestamp]",
          "value": 951.0
        },
        {
          "t": "[timestamp]",
          "value": 952.0
        },
        {
          "t": "[timestamp]",
          "value": 953.0
        },
        {
          "t": "[timestamp]",
          "value": 954.0
        },
        {
          "t": "[timestamp]",
          "value": 955.0
        },
        {
          "t": "[timestamp]",
          "value": 956.0
        },
        {
          "t": "[timestamp]",
          "value": 957.0
        },
        {
          "t": "[timestamp]",
          "value": 958.0
        },
        {
          "t": "[timestamp]",
          "value": 959.0
        },
        {
          "t": "[timestamp]",
          "value": 960.0
        },
        {
          "t": "[timestamp]",
          "value": 961.0
        },
        {
          "t": "[timestamp]",
          "value": 962.0
        },
        {
          "t": "[timestamp]",
          "value": 963.0
        },
        {
          "t": "[timestamp]",
          "value": 964.0
        },
        {
          "t": "[timestamp]",
          "value": 965.0
        },
        {
          "t": "[timestamp]",
          "value": 966.0
        },
        {
          "t": "[timestamp]",
          "value": 967.0
        },
        {
          "t": "[timestamp]",
          "value": 968.0
        },
        {
          "t": "[timestamp]",
          "value": 969.0
        },
        {
          "t": "[timestamp]",
          "value": 970.0
        },
        {
          "t": "[timestamp]",
          "value": 971.0
        },
        {
          "t": "[timestamp]",
          "value": 972.0
        },
        {
          "t": "[timestamp]",
          "value": 973.0
        },
        {
          "t": "[timestamp]",
          "value": 974.0
        },
        {
          "t": "[timestamp]",
          "value": 975.0
        },
        {
          "t": "[timestamp]",
          "value": 976.0
        },
        {
          "t": "[timestamp]",
          "value": 977.0
        },
        {
          "t": "[timestamp]",
          "value": 978.0
        },
        {
          "t": "[timestamp]",
          "value": 979.0
        },
        {
          "t": "[timestamp]",
          "value": 980.0
        },
        {
          "t": "[timestamp]",
          "value": 981.0
        },
        {
          "t": "[timestamp]",
          "value": 982.0
        },
        {
          "t": "[timestamp]",
          "value": 983.0
        },
        {
          "t": "[timestamp]",
          "value": 984.0
        },
        {
          "t": "[timestamp]",
          "value": 985.0
        },
        {
          "t": "[timestamp]",
          "value": 986.0
        },
        {
          "t": "[timestamp]",
          "value": 987.0
        },
        {
          "t": "[timestamp]",
          "value": 988.0
        },
        {
          "t": "[timestamp]",
          "value": 989.0
        },
        {
          "t": "[timestamp]",
          "value": 990.0
        },
        {
          "t": "[timestamp]",
          "value": 991.0
        },
        {
          "t": "[timestamp]",
          "value": 992.0
        },
        {
          "t": "[timestamp]",
          "value": 993.0
        },
        {
          "t": "[timestamp]",
          "value": 994.0
        },
        {
          "t": "[timestamp]",
          "value": 995.0
        },
        {
          "t": "[timestamp]",
          "value": 996.0
        },
        {
          "t": "[timestamp]",
          "value": 997.0
        },
        {
          "t": "[timestamp]",
          "value": 998.0
        },
        {
          "t": "[timestamp]",
          "value": 999.0
        },
        {
          "t": "[timestamp]",
          "value": 1000.0
        },
        {
          "t": "[timestamp]",
          "value": 1001.0
        },
        {
          "t": "[timestamp]",
          "value": 1002.0
        },
        {
          "t": "[timestamp]",
          "value": 1003.0
        },
        {
          "t": "[timestamp]",
          "value": 1004.0
        },
        {
          "t": "[timestamp]",
          "value": 1005.0
        },
        {
          "t": "[timestamp]",
          "value": 1006.0
        },
        {
          "t": "[timestamp]",
          "value": 1007.0
        },
        {
          "t": "[timestamp]",
          "value": 1008.0
        },
        {
          "t": "[timestamp]",
          "value": 1009.0
        },
        {
          "t": "[timestamp]",
          "value": 1010.0
        },
        {
          "t": "[timestamp]",
          "value": 1011.0
        },
        {
          "t": "[timestamp]",
          "value": 1012.0
        },
        {
          "t": "[timestamp]",
          "value": 1013.0
        },
        {
          "t": "[timestamp]",
          "value": 1014.0
        },
        {
          "t": "[timestamp]",
          "value": 1015.0
        },
        {
          "t": "[timestamp]",
          "value": 1016.0
        },
        {
          "t": "[timestamp]",
          "value": 1017.0
        },
        {
          "t": "[timestamp]",
          "value": 1018.0
        },
        {
          "t": "[timestamp]",
          "value": 1019.0
        },
        {
          "t": "[timestamp]",
          "value": 1020.0
        },
        {
          "t": "[timestamp]",
          "value": 1021.0
        },
        {
          "t": "[timestamp]",
          "value": 1022.0
        },
        {
          "t": "[timestamp]",
          "value": 1023.0
        },
        {
          "t": "[timestamp]",
          "value": 1024.0
        },
        {
          "t": "[timestamp]",
          "value": 1025.0
        },
        {
          "t": "[timestamp]",
          "value": 1026.0
        },
        {
          "t": "[timestamp]",
          "value": 1027.0
        },
        {
          "t": "[timestamp]",
          "value": 1028.0
        },
        {
          "t": "[timestamp]",
          "value": 1029.0
        },
        {
          "t": "[timestamp]",
          "value": 1030.0
        },
        {
          "t": "[timestamp]",
          "value": 1031.0
        },
        {
          "t": "[timestamp]",
          "value": 1032.0
        },
        {
          "t": "[timestamp]",
          "value": 1033.0
        },
        {
          "t": "[timestamp]",
          "value": 1034.0
        },
        {
          "t": "[timestamp]",
          "value": 1035.0
        },
        {
          "t": "[timestamp]",
          "value": 1036.0
        },
        {
          "t": "[timestamp]",
          "value": 1037.0
        },
        {
          "t": "[timestamp]",
          "value": 1038.0
        },
        {
          "t": "[timestamp]",
          "value": 1039.0
        },
        {
          "t": "[timestamp]",
          "value": 1040.0
        },
        {
          "t": "[timestamp]",
          "value": 1041.0
        },
        {
          "t": "[timestamp]",
          "value": 1042.0
        },
        {
          "t": "[timestamp]",
          "value": 1043.0
        },
        {
          "t": "[timestamp]",
          "value": 1044.0
        },
        {
          "t": "[timestamp]",
          "value": 1045.0
        },
        {
          "t": "[timestamp]",
          "value": 1046.0
        },
        {
          "t": "[timestamp]",
          "value": 1047.0
        },
        {
          "t": "[timestamp]",
          "value": 1048.0
        },
        {
          "t": "[timestamp]",
          "value": 1049.0
        },
        {
          "t": "[timestamp]",
          "value": 1050.0
        },
        {
          "t": "[timestamp]",
          "value": 1051.0
        },
        {
          "t": "[timestamp]",
          "value": 1052.0
        },
        {
          "t": "[timestamp]",
          "value": 1053.0
        },
        {
          "t": "[timestamp]",
          "value": 1054.0
        },
        {
          "t": "[timestamp]",
          "value": 1055.0
        },
        {
          "t": "[timestamp]",
          "value": 1056.0
        },
        {
          "t": "[timestamp]",
          "value": 1057.0
        },
        {
          "t": "[timestamp]",
          "value": 1058.0
        },
        {
          "t": "[timestamp]",
          "value": 1059.0
        },
        {
          "t": "[timestamp]",
          "value": 1060.0
        },
        {
          "t": "[timestamp]",
          "value": 1061.0
        },
        {
          "t": "[timestamp]",
          "value": 1062.0
        },
        {
          "t": "[timestamp]",
          "value": 1063.0
        },
        {
          "t": "[timestamp]",
          "value": 1064.0
        },
        {
          "t": "[timestamp]",
          "value": 1065.0
        },
        {
          "t": "[timestamp]",
          "value": 1066.0
        },
        {
          "t": "[timestamp]",
          "value": 1067.0
        },
        {
          "t": "[timestamp]",
          "value": 1068.0
        },
        {
          "t": "[timestamp]",
          "value": 1069.0
        },
        {
          "t": "[timestamp]",
          "value": 1070.0
        },
        {
          "t": "[timestamp]",
          "value": 1071.0
        },
        {
          "t": "[timestamp]",
          "value": 1072.0
        },
        {
          "t": "[timestamp]",
          "value": 1073.0
        },
        {
          "t": "[timestamp]",
          "value": 1074.0
        },
        {
          "t": "[timestamp]",
          "value": 1075.0
        },
        {
          "t": "[timestamp]",
          "value": 1076.0
        },
        {
          "t": "[timestamp]",
          "value": 1077.0
        },
        {
          "t": "[timestamp]",
          "value": 1078.0
        },
        {
          "t": "[timestamp]",
          "value": 1079.0
        },
        {
          "t": "[timestamp]",
          "value": 1080.0
        },
        {
          "t": "[timestamp]",
          "value": 1081.0
        },
        {
          "t": "[timestamp]",
          "value": 1082.0
        },
        {
          "t": "[timestamp]",
          "value": 1083.0
        },
        {
          "t": "[timestamp]",
          "value": 1084.0
        },
        {
          "t": "[timestamp]",
          "value": 1085.0
        },
        {
          "t": "[timestamp]",
          "value": 1086.0
        },
        {
          "t": "[timestamp]",
          "value": 1087.0
        },
        {
          "t": "[timestamp]",
          "value": 1088.0
        },
        {
          "t": "[timestamp]",
          "value": 1089.0
        },
        {
          "t": "[timestamp]",
          "value": 1090.0
        },
        {
          "t": "[timestamp]",
          "value": 1091.0
        },
        {
          "t": "[timestamp]",
          "value": 1092.0
        },
        {
          "t": "[timestamp]",
          "value": 1093.0
        },
        {
          "t": "[timestamp]",
          "value": 1094.0
        },
        {
          "t": "[timestamp]",
          "value": 1095.0
        },
        {
          "t": "[timestamp]",
          "value": 1096.0
        },
        {
          "t": "[timestamp]",
          "value": 1097.0
        },
        {
          "t": "[timestamp]",
          "value": 1098.0
        },
        {
          "t": "[timestamp]",
          "value": 1099.0
        }
      ]
    }
  ]
}
